[ecetfreedom.netlify.app/index.html]
[backblue.gif]
[fade.gif]
[index.html]
[ecetfreedom.netlify.app/images/title-logo.jpg]
[ecetfreedom.netlify.app/css/index.css]
[ecetfreedom.netlify.app/css/navbar2.css]
[ecetfreedom.netlify.app/css/account.css]
[ecetfreedom.netlify.app/css/load.css]
[cdnjs.cloudflare.com/ajax/libs/animate.css/4.0.0/animate.min.css]
[maxcdn.bootstrapcdn.com/bootstrap/4.5.0/css/bootstrap.min.css]
[ajax.googleapis.com/ajax/libs/jquery/3.5.1/jquery.min.js]
[cdnjs.cloudflare.com/ajax/libs/popper.js/1.16.0/umd/popper.min.js]
[maxcdn.bootstrapcdn.com/bootstrap/4.5.0/js/bootstrap.min.js]
[ecetfreedom.netlify.app/js/index.js]
[ecetfreedom.netlify.app/eslogo1.2.jpg]
[ecetfreedom.netlify.app/logo.jpg]
[ecetfreedom.netlify.app/index-2.html]
[ecetfreedom.netlify.app/images/dropright.png]
[ecetfreedom.netlify.app/pp.html]
[ecetfreedom.netlify.app/techp.html]
[ecetfreedom.netlify.app/nontechp.html]
[ecetfreedom.netlify.app/mockstart.html]
[ecetfreedom.netlify.app/about.html]
[ecetfreedom.netlify.app/images/profile.png]
[ecetfreedom.netlify.app/images/logout.png]
[ecetfreedom.netlify.app/result.html]
[ecetfreedom.netlify.app/images/tspp1.png]
[ecetfreedom.netlify.app/images/mock.png]
[ecetfreedom.netlify.app/images/abt3.png]
[ecetfreedom.netlify.app/images/insta.png]
[ecetfreedom.netlify.app/images/fb.png]
[ecetfreedom.netlify.app/js/nav.js]
[ecetfreedom.netlify.app/js/rocket.js]
[ecetfreedom.netlify.app/js/firebase.js]
[ecetfreedom.netlify.app/index.html]
[ecetfreedom.netlify.app/syllabus.html]
[ecetfreedom.netlify.app/images/home7.jpg]
[ecetfreedom.netlify.app/images/fade2.png]
[ecetfreedom.netlify.app/css/index.css]
[ecetfreedom.netlify.app/3.bp.blogspot.com/-GZOBULN1Q4s/VbNxQrf37EI/AAAAAAAAAPk/rak337seJ70/s1600/Ask.25.delayed]
[ecetfreedom.netlify.app/1.bp.blogspot.com/-UR9I7YEuEUY/VXIJn8MrBPI/AAAAAAAAKRE/qZObHBd5zIo/s1600/rocket.26.delayed]
[ecetfreedom.netlify.app/css/navbar2.css]
[ecetfreedom.netlify.app/css/account.css]
[ecetfreedom.netlify.app/css/footer.css]
[ecetfreedom.netlify.app/css/style.css]
[ecetfreedom.netlify.app/css/load.css]
[kit.fontawesome.com/a076d05399.js]
[cdnjs.cloudflare.com/ajax/libs/animate.css/4.0.0/animate.min.css]
[maxcdn.bootstrapcdn.com/bootstrap/4.5.0/css/bootstrap.min.css]
[ecetfreedom.netlify.app/index-2.html]
[ecetfreedom.netlify.app/images/title-logo-2.jpg]
[ecetfreedom.netlify.app/css/pp.css]
[ecetfreedom.netlify.app/kit.fontawesome.com/a076d05399.29.delayed]
[ecetfreedom.netlify.app/maxcdn.bootstrapcdn.com/bootstrap/4.5.0/css/bootstrap.min.2a.delayed]
[ecetfreedom.netlify.app/ajax.googleapis.com/ajax/libs/jquery/3.5.1/jquery.min.2b.delayed]
[ecetfreedom.netlify.app/cdnjs.cloudflare.com/ajax/libs/popper.js/1.16.0/umd/popper.min.2c.delayed]
[ecetfreedom.netlify.app/maxcdn.bootstrapcdn.com/bootstrap/4.5.0/js/bootstrap.min.2d.delayed]
[ecetfreedom.netlify.app/index-3.html]
[ecetfreedom.netlify.app/upload.wikimedia.org/wikipedia/commons/thumb/5/53/Google__G__Logo.svg/512px-Google__G__Logo.svg.2f.delayed]
[ecetfreedom.netlify.app/pp.html]
[ecetfreedom.netlify.app/question.html]
[ecetfreedom.netlify.app/css/techp.css]
[ecetfreedom.netlify.app/images/cds.png]
[ecetfreedom.netlify.app/images/cpp.png]
[ecetfreedom.netlify.app/images/java.png]
[ecetfreedom.netlify.app/images/rdbms.jpg]
[ecetfreedom.netlify.app/images/os.png]
[ecetfreedom.netlify.app/images/co2.png]
[ecetfreedom.netlify.app/images/mp.png]
[ecetfreedom.netlify.app/images/cn1.png]
[ecetfreedom.netlify.app/images/ip.png]
[ecetfreedom.netlify.app/images/dld.png]
[ecetfreedom.netlify.app/techp.html]
[ecetfreedom.netlify.app/css/nontechp.css]
[ecetfreedom.netlify.app/images/math.png]
[ecetfreedom.netlify.app/images/phy1.png]
[ecetfreedom.netlify.app/images/chem1.png]
[ecetfreedom.netlify.app/nontechp.html]
[ecetfreedom.netlify.app/css/mockstart.css]
[ecetfreedom.netlify.app/mocktest6ce86ce8.html]
[ecetfreedom.netlify.app/mocktest9d939d93.html]
[ecetfreedom.netlify.app/mocktestfa42fa42.html]
[ecetfreedom.netlify.app/mocktest2dfa1dfa1.html]
[ecetfreedom.netlify.app/mocktest215761576.html]
[ecetfreedom.netlify.app/mocktest222362236.html]
[ecetfreedom.netlify.app/www.gstatic.com/firebasejs/7.17.2/firebase.47.delayed]
[ecetfreedom.netlify.app/www.gstatic.com/firebasejs/7.17.2/firebase-auth.48.delayed]
[ecetfreedom.netlify.app/www.gstatic.com/firebasejs/7.17.2/firebase-analytics.49.delayed]
[ecetfreedom.netlify.app/mockstart.html]
[ecetfreedom.netlify.app/css/about.css]
[ecetfreedom.netlify.app/cdnjs.cloudflare.com/ajax/libs/animate.css/4.0.0/animate.min.4b.delayed]
[ecetfreedom.netlify.app/images/discussion1.png]
[ecetfreedom.netlify.app/images/question screen.png]
[ecetfreedom.netlify.app/about.html]
[ecetfreedom.netlify.app/js/result.js]
[ecetfreedom.netlify.app/result.html]
[ecetfreedom.netlify.app/syllabus/TS/cse.pdf]
[ecetfreedom.netlify.app/syllabus/TS/civil.pdf]
[ecetfreedom.netlify.app/syllabus/TS/ece.pdf]
[ecetfreedom.netlify.app/syllabus/TS/eee.pdf]
[ecetfreedom.netlify.app/syllabus/TS/mech.pdf]
[ecetfreedom.netlify.app/syllabus/AP/COMPUTER SCIENCE AND  ENGINEERING.pdf]
[ecetfreedom.netlify.app/syllabus/AP/CIVIL ENGINEERING.pdf]
[ecetfreedom.netlify.app/syllabus/AP/ELECTRONICS AND COMMUNICATION ENGINEERING.pdf]
[ecetfreedom.netlify.app/syllabus/AP/ELECTRICAL AND ELECTRONICS ENGINEERING.pdf]
[ecetfreedom.netlify.app/syllabus/AP/MECHANICAL ENGINEERING.pdf]
[ecetfreedom.netlify.app/syllabus/AP/MATHEMATICS (FOR DIPLOMA HOLDERS).pdf]
[ecetfreedom.netlify.app/syllabus/AP/PHYSICS.pdf]
[ecetfreedom.netlify.app/syllabus.html]
[ecetfreedom.netlify.app/3.bp.blogspot.com/-GZOBULN1Q4s/VbNxQrf37EI/AAAAAAAAAPk/rak337seJ70/s1600/Ask.html]
[ecetfreedom.netlify.app/1.bp.blogspot.com/-UR9I7YEuEUY/VXIJn8MrBPI/AAAAAAAAKRE/qZObHBd5zIo/s1600/rocket.html]
[ecetfreedom.netlify.app/css/pp.css]
[ecetfreedom.netlify.app/kit.fontawesome.com/a076d05399.html]
[ecetfreedom.netlify.app/maxcdn.bootstrapcdn.com/bootstrap/4.5.0/css/bootstrap.min.html]
[ecetfreedom.netlify.app/ajax.googleapis.com/ajax/libs/jquery/3.5.1/jquery.min.html]
[ecetfreedom.netlify.app/cdnjs.cloudflare.com/ajax/libs/popper.js/1.16.0/umd/popper.min.html]
[ecetfreedom.netlify.app/maxcdn.bootstrapcdn.com/bootstrap/4.5.0/js/bootstrap.min.html]
[ecetfreedom.netlify.app/index-3.html]
[ecetfreedom.netlify.app/upload.wikimedia.org/wikipedia/commons/thumb/5/53/Google__G__Logo.svg/512px-Google__G__Logo.svg.html]
[ecetfreedom.netlify.app/syllabus/AP/CHEMISTRY.pdf]
[ecetfreedom.netlify.app/css/question.css]
[ecetfreedom.netlify.app/css/spinkit.css]
[ecetfreedom.netlify.app/polyfill.io/v3/polyfill.min1162.601162.delayed]
[ecetfreedom.netlify.app/cdn.jsdelivr.net/npm/mathjax@3/es5/tex-mml-chtml.61.delayed]
[ecetfreedom.netlify.app/datafile.json]
[ecetfreedom.netlify.app/qimages/2019/00007.jpg]
[ecetfreedom.netlify.app/qimages/tecet-2019/00001.html]
[ecetfreedom.netlify.app/question.html]
[ecetfreedom.netlify.app/css/techp.css]
[ecetfreedom.netlify.app/css/nontechp.css]
[ecetfreedom.netlify.app/css/mockstart.css]
[ecetfreedom.netlify.app/js/question.js]
[ecetfreedom.netlify.app/css/mocktest.css]
[ecetfreedom.netlify.app/css/instructions.css]
[ecetfreedom.netlify.app/css/confirmation.css]
[ecetfreedom.netlify.app/mocktest.html]
[ecetfreedom.netlify.app/images/indications/sliver.jpg]
[ecetfreedom.netlify.app/images/indications/red.jpg]
[ecetfreedom.netlify.app/images/indications/green.jpg]
[ecetfreedom.netlify.app/images/indications/violet.jpg]
[ecetfreedom.netlify.app/images/indications/blue.jpg]
[ecetfreedom.netlify.app/mocktest6ce86ce8.html]
[ecetfreedom.netlify.app/mocktest9d939d93.html]
[ecetfreedom.netlify.app/mocktestfa42fa42.html]
[ecetfreedom.netlify.app/js/mocktest.js]
[ecetfreedom.netlify.app/mocktest2.html]
[ecetfreedom.netlify.app/mocktest2dfa1dfa1.html]
[ecetfreedom.netlify.app/mocktest215761576.html]
[ecetfreedom.netlify.app/mocktest222362236.html]
[ecetfreedom.netlify.app/www.gstatic.com/firebasejs/7.17.2/firebase.html]
[ecetfreedom.netlify.app/www.gstatic.com/firebasejs/7.17.2/firebase-auth.html]
[ecetfreedom.netlify.app/www.gstatic.com/firebasejs/7.17.2/firebase-analytics.html]
[ecetfreedom.netlify.app/css/about.css]
[ecetfreedom.netlify.app/cdnjs.cloudflare.com/ajax/libs/animate.css/4.0.0/animate.min.html]
[ecetfreedom.netlify.app/css/result.css]
[ecetfreedom.netlify.app/css/syllabus.css]
[ecetfreedom.netlify.app/css/question.css]
[ecetfreedom.netlify.app/css/spinkit.css]
[ecetfreedom.netlify.app/polyfill.io/v3/polyfill.min11621162.html]
[ecetfreedom.netlify.app/cdn.jsdelivr.net/npm/mathjax@3/es5/tex-mml-chtml.html]
[ecetfreedom.netlify.app/qimages/tecet-2019/00001.html]
[ecetfreedom.netlify.app/css/mocktest.css]
[ecetfreedom.netlify.app/css/instructions.css]
[ecetfreedom.netlify.app/css/confirmation.css]
[ecetfreedom.netlify.app/mocktest.html]
[ecetfreedom.netlify.app/mocktest2.html]
[ecetfreedom.netlify.app/js/mocktest2.js]
